###############################################################################
#
# IAR ELF Linker V7.60.2.11341/W32 for ARM                19/May/2016  15:46:07
# Copyright 2007-2016 IAR Systems AB.
#
#    Output file  =  
#        C:\Embedded\Projects\K66BLEZ\Firmware\BareBoardExamples\LED_StateMachine\Debug\Exe\LED_StateMachine.out
#    Map file     =  
#        C:\Embedded\Projects\K66BLEZ\Firmware\BareBoardExamples\LED_StateMachine\Debug\List\LED_StateMachine.map
#    Command line =  
#        C:\Embedded\Projects\K66BLEZ\Firmware\BareBoardExamples\LED_StateMachine\Debug\Obj\K66BLEZ1_GPIO.o
#        C:\Embedded\Projects\K66BLEZ\Firmware\BareBoardExamples\LED_StateMachine\Debug\Obj\K66BLEZ1_INIT_SYS.o
#        C:\Embedded\Projects\K66BLEZ\Firmware\BareBoardExamples\LED_StateMachine\Debug\Obj\K66BLEZ1_UART.o
#        C:\Embedded\Projects\K66BLEZ\Firmware\BareBoardExamples\LED_StateMachine\Debug\Obj\LED_StateMachine.o
#        C:\Embedded\Projects\K66BLEZ\Firmware\BareBoardExamples\LED_StateMachine\Debug\Obj\main.o
#        C:\Embedded\Projects\K66BLEZ\Firmware\BareBoardExamples\LED_StateMachine\Debug\Obj\Print_utils.o
#        C:\Embedded\Projects\K66BLEZ\Firmware\BareBoardExamples\LED_StateMachine\Debug\Obj\startup_MK66F18.o
#        -o
#        C:\Embedded\Projects\K66BLEZ\Firmware\BareBoardExamples\LED_StateMachine\Debug\Exe\LED_StateMachine.out
#        --redirect _Printf=_PrintfFull --redirect _Scanf=_ScanfFull --map
#        C:\Embedded\Projects\K66BLEZ\Firmware\BareBoardExamples\LED_StateMachine\Debug\List\LED_StateMachine.map
#        --config
#        C:\Embedded\Projects\K66BLEZ\Firmware\BareBoardExamples\LED_StateMachine\MK66FN2M0xxx18_flash.icf
#        --semihosting --entry __iar_program_start --vfe
#
###############################################################################

*******************************************************************************
*** RUNTIME MODEL ATTRIBUTES
***

CppFlavor       = *
__SystemLibrary = DLib


*******************************************************************************
*** PLACEMENT SUMMARY
***

"A1":  place at 0x00000000 { ro section .intvec };
"P1":  place in [from 0x00000400 to 0x0000040f] { section FlashConfig };
"P2":  place in [from 0x00000000 to 0x000003ff] |
                [from 0x00000410 to 0x001fffff] { ro };
"P4":  place in [from 0x1fff0000 to 0x1fffffff] |
                [from 0x20000000 to 0x2002dfff] { block ZI };
"P6":  place in [from 0x2002e000 to 0x2002ffff] { block CSTACK };

  Section          Kind        Address    Size  Object
  -------          ----        -------    ----  ------
"A1":                                    0x400
  .intvec          ro code  0x00000000   0x400  startup_MK66F18.o [1]
                          - 0x00000400   0x400

"P1":                                     0x10
  FlashConfig      ro code  0x00000400    0x10  startup_MK66F18.o [1]
                          - 0x00000410    0x10

"P2":                                   0x2918
  .text            ro code  0x00000410   0xde2  xprintffull.o [3]
  .text            ro code  0x000011f2    0x1a  xsnprout.o [3]
  .text            ro code  0x0000120c    0x16  strchr.o [5]
  .text            ro code  0x00001222     0x2  startup_MK66F18.o [1]
  .text            ro code  0x00001224    0x36  strlen.o [5]
  .text            ro code  0x0000125a     0x2  startup_MK66F18.o [1]
  .text            ro code  0x0000125c    0x58  memchr.o [5]
  .text            ro code  0x000012b4    0xee  I64DivMod.o [5]
  .text            ro code  0x000013a2     0x2  startup_MK66F18.o [1]
  .text            ro code  0x000013a4    0x76  ABImemcpy_unaligned.o [5]
  .text            ro code  0x0000141a    0x44  xdnorm.o [4]
  .text            ro code  0x0000145e     0x2  startup_MK66F18.o [1]
  .text            ro code  0x00001460    0x2e  DblCmpLe.o [4]
  .text            ro code  0x0000148e     0x2  startup_MK66F18.o [1]
  .text            ro code  0x00001490    0x2e  DblCmpGe.o [4]
  .text            ro code  0x000014be     0x2  startup_MK66F18.o [1]
  .text            ro code  0x000014c0   0x114  xdscale.o [4]
  .text            ro code  0x000015d4    0x58  DblToI32.o [4]
  .text            ro code  0x0000162c    0x30  I32ToDbl.o [4]
  .text            ro code  0x0000165c   0x180  DblSub.o [4]
  .text            ro code  0x000017dc   0x1a2  DblMul.o [4]
  .text            ro code  0x0000197e     0x2  startup_MK66F18.o [1]
  .text            ro code  0x00001980   0x256  DblDiv.o [4]
  .text            ro code  0x00001bd6     0xe  div.o [3]
  .text            ro code  0x00001be4     0x2  I64DivZer.o [5]
  .text            ro code  0x00001be6     0x2  startup_MK66F18.o [1]
  .text            ro code  0x00001be8    0xd4  DblAdd.o [4]
  .text            ro code  0x00001cbc   0x87c  K66BLEZ1_GPIO.o [1]
  .text            ro code  0x00002538   0x1ec  K66BLEZ1_INIT_SYS.o [1]
  .text            ro code  0x00002724    0xb8  LED_StateMachine.o [1]
  .text            ro code  0x000027dc   0x120  K66BLEZ1_UART.o [1]
  .text            ro code  0x000028fc    0xb8  main.o [1]
  .text            ro code  0x000029b4    0x64  Print_utils.o [1]
  .text            ro code  0x00002a18    0x1a  startup_MK66F18.o [1]
  .text            ro code  0x00002a34    0x3c  vsnprint.o [3]
  .text            ro code  0x00002a70    0x40  zero_init3.o [5]
  .text            ro code  0x00002ab0    0x28  data_init.o [5]
  .text            ro code  0x00002ad8    0x24  startup_MK66F18.o [1]
  .text            ro code  0x00002afc    0x22  fpinit_M.o [4]
  .iar.init_table  const    0x00002b20    0x10  - Linker created -
  .text            ro code  0x00002b30    0x1a  cmain.o [5]
  .text            ro code  0x00002b4a     0x4  low_level_init.o [3]
  .text            ro code  0x00002b4e     0x4  exit.o [3]
  .text            ro code  0x00002b54     0xa  cexit.o [5]
  .text            ro code  0x00002b60    0x14  exit.o [6]
  .text            ro code  0x00002b74     0xc  cstartup_M.o [5]
  .text            ro code  0x00002b80     0x8  startup_MK66F18.o [1]
  .text            ro code  0x00002b88     0x8  startup_MK66F18.o [1]
  .text            ro code  0x00002b90     0x8  startup_MK66F18.o [1]
  .text            ro code  0x00002b98     0x8  startup_MK66F18.o [1]
  .text            ro code  0x00002ba0     0x8  startup_MK66F18.o [1]
  .text            ro code  0x00002ba8     0x8  startup_MK66F18.o [1]
  .text            ro code  0x00002bb0     0x8  startup_MK66F18.o [1]
  .text            ro code  0x00002bb8     0x8  startup_MK66F18.o [1]
  .text            ro code  0x00002bc0     0x8  startup_MK66F18.o [1]
  .text            ro code  0x00002bc8     0x8  startup_MK66F18.o [1]
  .text            ro code  0x00002bd0     0x8  startup_MK66F18.o [1]
  .text            ro code  0x00002bd8     0x8  startup_MK66F18.o [1]
  .text            ro code  0x00002be0     0x8  startup_MK66F18.o [1]
  .text            ro code  0x00002be8     0x8  startup_MK66F18.o [1]
  .text            ro code  0x00002bf0     0x8  startup_MK66F18.o [1]
  .text            ro code  0x00002bf8     0x8  startup_MK66F18.o [1]
  .text            ro code  0x00002c00     0x8  startup_MK66F18.o [1]
  .text            ro code  0x00002c08     0x8  startup_MK66F18.o [1]
  .text            ro code  0x00002c10     0x8  startup_MK66F18.o [1]
  .text            ro code  0x00002c18     0x8  startup_MK66F18.o [1]
  .text            ro code  0x00002c20     0x8  startup_MK66F18.o [1]
  .text            ro code  0x00002c28     0x8  startup_MK66F18.o [1]
  .text            ro code  0x00002c30     0x8  startup_MK66F18.o [1]
  .text            ro code  0x00002c38     0x8  startup_MK66F18.o [1]
  .text            ro code  0x00002c40     0x8  startup_MK66F18.o [1]
  .text            ro code  0x00002c48     0x8  startup_MK66F18.o [1]
  .text            ro code  0x00002c50     0x8  startup_MK66F18.o [1]
  .text            ro code  0x00002c58     0x8  startup_MK66F18.o [1]
  .text            ro code  0x00002c60     0x8  startup_MK66F18.o [1]
  .text            ro code  0x00002c68     0x8  startup_MK66F18.o [1]
  .text            ro code  0x00002c70     0x8  startup_MK66F18.o [1]
  .text            ro code  0x00002c78     0x8  startup_MK66F18.o [1]
  .text            ro code  0x00002c80     0x8  startup_MK66F18.o [1]
  .text            ro code  0x00002c88     0x8  startup_MK66F18.o [1]
  .text            ro code  0x00002c90     0x8  startup_MK66F18.o [1]
  .text            ro code  0x00002c98     0x8  startup_MK66F18.o [1]
  .text            ro code  0x00002ca0     0x8  startup_MK66F18.o [1]
  .text            ro code  0x00002ca8     0x8  startup_MK66F18.o [1]
  .text            ro code  0x00002cb0     0x8  startup_MK66F18.o [1]
  .text            ro code  0x00002cb8     0x8  startup_MK66F18.o [1]
  .text            ro code  0x00002cc0     0x8  startup_MK66F18.o [1]
  .text            ro code  0x00002cc8     0x8  startup_MK66F18.o [1]
  .text            ro code  0x00002cd0     0x8  startup_MK66F18.o [1]
  .text            ro code  0x00002cd8     0x8  startup_MK66F18.o [1]
  .text            ro code  0x00002ce0     0x8  startup_MK66F18.o [1]
  .text            ro code  0x00002ce8     0x8  startup_MK66F18.o [1]
  .text            ro code  0x00002cf0     0x8  startup_MK66F18.o [1]
  .text            ro code  0x00002cf8     0x8  startup_MK66F18.o [1]
  .text            ro code  0x00002d00     0x8  startup_MK66F18.o [1]
  .text            ro code  0x00002d08     0x8  startup_MK66F18.o [1]
  .text            ro code  0x00002d10     0x8  startup_MK66F18.o [1]
  .text            ro code  0x00002d18     0x8  startup_MK66F18.o [1]
  .text            ro code  0x00002d20     0x8  startup_MK66F18.o [1]
  .rodata          const    0x00002d28     0x0  zero_init3.o [5]
                          - 0x00002d28  0x2918

"P4":                                    0x12c
  ZI                        0x1fff0000   0x12c  <Block>
    .bss           zero     0x1fff0000     0x4  K66BLEZ1_INIT_SYS.o [1]
    .bss           zero     0x1fff0004    0x94  K66BLEZ1_UART.o [1]
    .bss           zero     0x1fff0098    0x10  LED_StateMachine.o [1]
    .bss           zero     0x1fff00a8    0x84  Print_utils.o [1]
                          - 0x1fff012c   0x12c

"P6":                                   0x2000
  CSTACK                    0x2002e000  0x2000  <Block>
    CSTACK         uninit   0x2002e000  0x2000  <Block tail>
                          - 0x20030000  0x2000


*******************************************************************************
*** INIT TABLE
***

          Address     Size
          -------     ----
Zero (__iar_zero_init3)
    1 destination range, total size 0x12c:
          0x1fff0000  0x12c



*******************************************************************************
*** MODULE SUMMARY
***

    Module                 ro code  ro data  rw data
    ------                 -------  -------  -------
C:\Embedded\Projects\K66BLEZ\Firmware\BareBoardExamples\LED_StateMachine\Debug\Obj: [1]
    K66BLEZ1_GPIO.o          2 172
    K66BLEZ1_INIT_SYS.o        492                 4
    K66BLEZ1_UART.o            288               148
    LED_StateMachine.o         184                16
    Print_utils.o              100               132
    main.o                     184
    startup_MK66F18.o        1 542
    ------------------------------------------------
    Total:                   4 962               300

command line: [2]
    ------------------------------------------------
    Total:

dl7M_tln.a: [3]
    div.o                       14
    exit.o                       4
    low_level_init.o             4
    vsnprint.o                  60
    xprintffull.o            3 554
    xsnprout.o                  26
    ------------------------------------------------
    Total:                   3 662

m7M_tls.a: [4]
    DblAdd.o                   212
    DblCmpGe.o                  46
    DblCmpLe.o                  46
    DblDiv.o                   598
    DblMul.o                   418
    DblSub.o                   384
    DblToI32.o                  88
    I32ToDbl.o                  48
    fpinit_M.o                  34
    xdnorm.o                    68
    xdscale.o                  276
    ------------------------------------------------
    Total:                   2 218

rt7M_tl.a: [5]
    ABImemcpy_unaligned.o      118
    I64DivMod.o                238
    I64DivZer.o                  2
    cexit.o                     10
    cmain.o                     26
    cstartup_M.o                12
    data_init.o                 40
    memchr.o                    88
    strchr.o                    22
    strlen.o                    54
    zero_init3.o                64
    ------------------------------------------------
    Total:                     674

shb_l.a: [6]
    exit.o                      20
    ------------------------------------------------
    Total:                      20

    Gaps                         6        2
    Linker created                       16    8 192
----------------------------------------------------
    Grand Total:            11 542       18    8 492


*******************************************************************************
*** ENTRY LIST
***

Entry                      Address   Size  Type      Object
-----                      -------   ----  ----      ------
.iar.init_table$$Base   0x00002b20          --   Gb  - Linker created -
.iar.init_table$$Limit  0x00002b30          --   Gb  - Linker created -
?main                   0x00002b31         Code  Gb  cmain.o [5]
CSTACK$$Base            0x2002e000          --   Gb  - Linker created -
CSTACK$$Limit           0x20030000          --   Gb  - Linker created -
Config_pin              0x00001cbd   0x74  Code  Gb  K66BLEZ1_GPIO.o [1]
Delay_m7                0x00002a1d         Code  Gb  startup_MK66F18.o [1]
Get_unique_identificator
                        0x0000265d   0x14  Code  Gb  K66BLEZ1_INIT_SYS.o [1]
Init_MK66FN2M0VLQ18_K66BLEZ1
                        0x00002539   0x26  Code  Gb  K66BLEZ1_INIT_SYS.o [1]
Init_cpu                0x0000255f   0xfe  Code  Gb  K66BLEZ1_INIT_SYS.o [1]
Init_pins               0x00001d31   0x32  Code  Gb  K66BLEZ1_GPIO.o [1]
Init_sys_timer          0x000026a9   0x16  Code  Gb  K66BLEZ1_INIT_SYS.o [1]
K66BLEZ1_pins_conf      0x00001d68  0x7d0  Data  Gb  K66BLEZ1_GPIO.o [1]
LEDS_state_automat      0x00002763   0x70  Code  Gb  LED_StateMachine.o [1]
LED_2_BLINK             0x0000298c   0x28  Data  Gb  main.o [1]
LED_BLINK               0x00002974   0x18  Data  Gb  main.o [1]
LoadInt                 0x000009b9   0x70  Code  Lc  xprintffull.o [3]
NVIC_EnableIRQ          0x00002671   0x1c  Code  Gb  K66BLEZ1_INIT_SYS.o [1]
NVIC_SetPriority        0x0000268d   0x1c  Code  Gb  K66BLEZ1_INIT_SYS.o [1]
Printf_unique_identificator
                        0x000029dd   0x20  Code  Gb  Print_utils.o [1]
Region$$Table$$Base     0x00002b20          --   Gb  - Linker created -
Region$$Table$$Limit    0x00002b30          --   Gb  - Linker created -
Set_LED_pattern         0x00002725   0x3e  Code  Gb  LED_StateMachine.o [1]
SysTick_Handler         0x000026bf    0xc  Code  Gb  K66BLEZ1_INIT_SYS.o [1]
UART4_Init              0x000027dd   0x50  Code  Gb  K66BLEZ1_UART.o [1]
UART4_RX_TX_IRQHandler  0x0000282d   0x66  Code  Gb  K66BLEZ1_UART.o [1]
UART4_send_buffer       0x00002895   0x4e  Code  Gb  K66BLEZ1_UART.o [1]
UART_printf             0x000029b5   0x24  Code  Gb  Print_utils.o [1]
ZI$$Base                0x1fff0000          --   Gb  - Linker created -
ZI$$Limit               0x1fff012c          --   Gb  - Linker created -
_GenldFull              0x00000f41  0x26a  Code  Lc  xprintffull.o [3]
_LdtobFull              0x00000b35  0x406  Code  Lc  xprintffull.o [3]
_LitobFull              0x00000a29  0x10a  Code  Lc  xprintffull.o [3]
_PrintfFull             0x00000411  0x5a2  Code  Gb  xprintffull.o [3]
_PutcharsFull           0x000011ab   0x2e  Code  Lc  xprintffull.o [3]
_SNProut                0x000011f3   0x1a  Code  Gb  xsnprout.o [3]
__RAM_VECTOR_TABLE_SIZE {Abs}
                        0x00000000          --   Gb  command line/config [2]
__VECTOR_RAM {Abs}      0x00000000          --   Gb  command line/config [2]
__VECTOR_TABLE {Abs}    0x00000000          --   Gb  command line/config [2]
__Vectors               0x00000000          --   Gb  startup_MK66F18.o [1]
__Vectors_End           0x00000400         Data  Gb  startup_MK66F18.o [1]
__Vectors_Size {Abs}    0x00000400          --   Gb  startup_MK66F18.o [1]
__aeabi_cdcmple         0x00001461         Code  Gb  DblCmpLe.o [4]
__aeabi_cdrcmple        0x00001491         Code  Gb  DblCmpGe.o [4]
__aeabi_d2iz            0x000015d5         Code  Gb  DblToI32.o [4]
__aeabi_d2uiz           0x00001601         Code  Gb  DblToI32.o [4]
__aeabi_ddiv            0x00001981         Code  Gb  DblDiv.o [4]
__aeabi_dmul            0x000017dd         Code  Gb  DblMul.o [4]
__aeabi_dsub            0x0000165d         Code  Gb  DblSub.o [4]
__aeabi_i2d             0x0000162d         Code  Gb  I32ToDbl.o [4]
__aeabi_ldiv0           0x00001be5         Code  Gb  I64DivZer.o [5]
__aeabi_ui2d            0x00001641         Code  Gb  I32ToDbl.o [4]
__aeabi_uldivmod        0x000012b5         Code  Gb  I64DivMod.o [5]
__cmain                 0x00002b31         Code  Gb  cmain.o [5]
__exit                  0x00002b61   0x14  Code  Gb  exit.o [6]
__iar_Dnorm             0x0000141b   0x44  Code  Gb  xdnorm.o [4]
__iar_Dscale            0x000014c1  0x114  Code  Gb  xdscale.o [4]
__iar_Memchr            0x0000125d         Code  Gb  memchr.o [5]
__iar_Strchr            0x0000120d         Code  Gb  strchr.o [5]
__iar_d2uiz             0x0000160d         Code  Gb  DblToI32.o [4]
__iar_dadd              0x00001be9         Code  Gb  DblAdd.o [4]
__iar_data_init3        0x00002ab1   0x28  Code  Gb  data_init.o [5]
__iar_dsub              0x00001671         Code  Gb  DblSub.o [4]
__iar_dsubStart         0x00001683         Code  Gb  DblSub.o [4]
__iar_init_vfp          0x00002afd         Code  Gb  fpinit_M.o [4]
__iar_program_start     0x00002b75         Code  Gb  cstartup_M.o [5]
__iar_ui2d              0x00001645         Code  Gb  I32ToDbl.o [4]
__iar_unaligned___aeabi_memcpy
                        0x000013a5         Code  Gb  ABImemcpy_unaligned.o [5]
__iar_unaligned___aeabi_memcpy4
                        0x000013c5         Code  Gb  ABImemcpy_unaligned.o [5]
__iar_unaligned___aeabi_memcpy8
                        0x000013c5         Code  Gb  ABImemcpy_unaligned.o [5]
__iar_zero_init3        0x00002a71   0x40  Code  Gb  zero_init3.o [5]
__low_level_init        0x00002b4b    0x4  Code  Gb  low_level_init.o [3]
__vector_table          0x00000000         Data  Gb  startup_MK66F18.o [1]
__vector_table_0x1c     0x0000001c         Data  Gb  startup_MK66F18.o [1]
_call_main              0x00002b3d         Code  Gb  cmain.o [5]
_exit                   0x00002b55         Code  Gb  cexit.o [5]
_main                   0x00002b47         Code  Gb  cmain.o [5]
div                     0x00001bd7    0xe  Code  Gb  div.o [3]
exit                    0x00002b4f    0x4  Code  Gb  exit.o [3]
g_UART_receved_byte     0x1fff0004    0x1  Data  Gb  K66BLEZ1_UART.o [1]
g_UART_tx_buf_empty     0x1fff0005    0x1  Data  Gb  K66BLEZ1_UART.o [1]
ledsm_cbl               0x1fff0098   0x10  Data  Gb  LED_StateMachine.o [1]
main                    0x000028fd   0x44  Code  Gb  main.o [1]
memchr                  0x0000125d         Code  Gb  memchr.o [5]
strchr                  0x0000120d         Code  Gb  strchr.o [5]
strlen                  0x00001225         Code  Gb  strlen.o [5]
ticks_ovf_cnt           0x1fff0000    0x4  Data  Gb  K66BLEZ1_INIT_SYS.o [1]
uart_rx_buf             0x1fff0008   0x40  Data  Lc  K66BLEZ1_UART.o [1]
uart_rx_head            0x1fff0048    0x4  Data  Lc  K66BLEZ1_UART.o [1]
uart_rx_tail            0x1fff004c    0x4  Data  Lc  K66BLEZ1_UART.o [1]
uart_str                0x1fff00a8   0x84  Data  Gb  Print_utils.o [1]
uart_tx_buf             0x1fff0050   0x40  Data  Lc  K66BLEZ1_UART.o [1]
uart_tx_head            0x1fff0090    0x4  Data  Lc  K66BLEZ1_UART.o [1]
uart_tx_tail            0x1fff0094    0x4  Data  Lc  K66BLEZ1_UART.o [1]
vsnprintf               0x00002a35   0x3c  Code  Gb  vsnprint.o [3]


[1] = C:\Embedded\Projects\K66BLEZ\Firmware\BareBoardExamples\LED_StateMachine\Debug\Obj
[2] = command line
[3] = dl7M_tln.a
[4] = m7M_tls.a
[5] = rt7M_tl.a
[6] = shb_l.a

  11 542 bytes of readonly  code memory
      18 bytes of readonly  data memory
   8 492 bytes of readwrite data memory

Errors: none
Warnings: none
